{
  "project": "P01",
  "profile": "fixture",
  "backend": "sqlite",
  "dataset_sha256": "a720372efcff524d550cb2adf65082656554654acb757d149bce81ce03f69e67",
  "models": {
    "profile": "fixture",
    "real_inference": false,
    "embedding_model": "fixture:sha256-signed-term-vector-v1:128",
    "generation_model": "fixture:extractive-sentence-selector-v1",
    "reranker_model": "fixture:query-term-coverage-v1",
    "dimensions": 128,
    "warning": "Deterministic fixture models; metrics do not measure real-model quality."
  },
  "answer": {
    "message_id": "c3ff6a1a-87d2-412a-8b46-a4bb0dc5bf43",
    "request_id": "d21bf524-c9ef-4682-8475-08773693839a",
    "text": "Recovery time objective is 30 minutes. [1]\nRecovery point objective is 5 minutes. [2]\nBackup retention is 30 days. [3]",
    "citations": [
      {
        "chunk_id": "e0e4d06ec24f6b4a10b5f31b6f3476e58991f6939be5cb3f22ec748d996cd669",
        "document_id": "fbf75518-8e2b-48e8-8f5f-a5c0fb34060b",
        "version_id": "a02bb0db-352d-4f49-9c27-ddf90a2192ec",
        "page_number": 1,
        "page_label": null,
        "start": 0,
        "end": 38,
        "quote": "Recovery time objective is 30 minutes.",
        "claim": "Recovery time objective is 30 minutes."
      },
      {
        "chunk_id": "e0e4d06ec24f6b4a10b5f31b6f3476e58991f6939be5cb3f22ec748d996cd669",
        "document_id": "fbf75518-8e2b-48e8-8f5f-a5c0fb34060b",
        "version_id": "a02bb0db-352d-4f49-9c27-ddf90a2192ec",
        "page_number": 1,
        "page_label": null,
        "start": 39,
        "end": 77,
        "quote": "Recovery point objective is 5 minutes.",
        "claim": "Recovery point objective is 5 minutes."
      },
      {
        "chunk_id": "c6924b5756a2005cde3426c14b28fa12fd091fd9e9fc1f578942eeb4b8e84ee3",
        "document_id": "fbf75518-8e2b-48e8-8f5f-a5c0fb34060b",
        "version_id": "a02bb0db-352d-4f49-9c27-ddf90a2192ec",
        "page_number": 2,
        "page_label": null,
        "start": 0,
        "end": 28,
        "quote": "Backup retention is 30 days.",
        "claim": "Backup retention is 30 days."
      }
    ],
    "abstained": false,
    "conflicts": [],
    "profile": "fixture",
    "model": "fixture:extractive-sentence-selector-v1",
    "evidence": {
      "models": {
        "profile": "fixture",
        "real_inference": false,
        "embedding_model": "fixture:sha256-signed-term-vector-v1:128",
        "generation_model": "fixture:extractive-sentence-selector-v1",
        "reranker_model": "fixture:query-term-coverage-v1",
        "dimensions": 128,
        "warning": "Deterministic fixture models; metrics do not measure real-model quality."
      },
      "backend": "sqlite",
      "retrieval_mode": "hybrid-rerank",
      "rrf_k": 60,
      "retrieval_ms": 3.190408999216743,
      "retrieval": [
        {
          "chunk_id": "e0e4d06ec24f6b4a10b5f31b6f3476e58991f6939be5cb3f22ec748d996cd669",
          "page_number": 1,
          "version_id": "a02bb0db-352d-4f49-9c27-ddf90a2192ec",
          "lexical_rank": 1,
          "dense_rank": 1,
          "rrf_score": 0.03278688524590164,
          "rerank_score": 0.6
        },
        {
          "chunk_id": "c6924b5756a2005cde3426c14b28fa12fd091fd9e9fc1f578942eeb4b8e84ee3",
          "page_number": 2,
          "version_id": "a02bb0db-352d-4f49-9c27-ddf90a2192ec",
          "lexical_rank": 2,
          "dense_rank": 2,
          "rrf_score": 0.03225806451612903,
          "rerank_score": 0.4
        },
        {
          "chunk_id": "ea01ae0fe46023eece2dd60bf8438446c7daefc558d85c25621d9779de94fe2a",
          "page_number": 3,
          "version_id": "a02bb0db-352d-4f49-9c27-ddf90a2192ec",
          "lexical_rank": null,
          "dense_rank": 3,
          "rrf_score": 0.015873015873015872,
          "rerank_score": 0.0
        }
      ],
      "quarantined_chunk_ids": [
        "ea01ae0fe46023eece2dd60bf8438446c7daefc558d85c25621d9779de94fe2a"
      ],
      "grounding_policy": "extractive-v1",
      "query_coverage_min": 0.25,
      "local_rerank_min": 0.2,
      "graph_nodes": [
        "retrieve",
        "generate",
        "validate",
        "finalize"
      ],
      "intent": "question-answering",
      "summary_filename_scoped_documents": [],
      "summary_content_scoped_documents": [],
      "conflict_detector": "same-wording numeric/negation disagreement; not general NLI",
      "source_conflicts": [],
      "generation": {
        "real_inference": false,
        "model": "fixture:extractive-sentence-selector-v1",
        "selection_rule": "at most two matching source sentences per retrieved chunk"
      },
      "generation_ms": 0.3016660048160702,
      "citation_validation": [
        {
          "exists": true,
          "span": true,
          "support": true,
          "active": true,
          "reason": "Validated complete extractive assertion",
          "policy": "extractive-v1"
        },
        {
          "exists": true,
          "span": true,
          "support": true,
          "active": true,
          "reason": "Validated complete extractive assertion",
          "policy": "extractive-v1"
        },
        {
          "exists": true,
          "span": true,
          "support": true,
          "active": true,
          "reason": "Validated complete extractive assertion",
          "policy": "extractive-v1"
        }
      ],
      "conflict_source_assertions_added": 0,
      "latency_ms": 11.644322999927681
    }
  },
  "unanswerable": {
    "message_id": "75af772e-cc2f-46d4-8124-e142b867b7cd",
    "request_id": "bbcfd497-fc8a-4da0-a9cb-612d238a6704",
    "text": "I do not have sufficient validated evidence in the uploaded documents to answer this question.",
    "citations": [],
    "abstained": true,
    "conflicts": [],
    "profile": "fixture",
    "model": "fixture:extractive-sentence-selector-v1",
    "evidence": {
      "models": {
        "profile": "fixture",
        "real_inference": false,
        "embedding_model": "fixture:sha256-signed-term-vector-v1:128",
        "generation_model": "fixture:extractive-sentence-selector-v1",
        "reranker_model": "fixture:query-term-coverage-v1",
        "dimensions": 128,
        "warning": "Deterministic fixture models; metrics do not measure real-model quality."
      },
      "backend": "sqlite",
      "retrieval_mode": "hybrid-rerank",
      "rrf_k": 60,
      "retrieval_ms": 1.6649129975121468,
      "retrieval": [
        {
          "chunk_id": "e0e4d06ec24f6b4a10b5f31b6f3476e58991f6939be5cb3f22ec748d996cd669",
          "page_number": 1,
          "version_id": "a02bb0db-352d-4f49-9c27-ddf90a2192ec",
          "lexical_rank": null,
          "dense_rank": 1,
          "rrf_score": 0.01639344262295082,
          "rerank_score": 0.0
        },
        {
          "chunk_id": "c6924b5756a2005cde3426c14b28fa12fd091fd9e9fc1f578942eeb4b8e84ee3",
          "page_number": 2,
          "version_id": "a02bb0db-352d-4f49-9c27-ddf90a2192ec",
          "lexical_rank": null,
          "dense_rank": 2,
          "rrf_score": 0.016129032258064516,
          "rerank_score": 0.0
        },
        {
          "chunk_id": "ea01ae0fe46023eece2dd60bf8438446c7daefc558d85c25621d9779de94fe2a",
          "page_number": 3,
          "version_id": "a02bb0db-352d-4f49-9c27-ddf90a2192ec",
          "lexical_rank": null,
          "dense_rank": 3,
          "rrf_score": 0.015873015873015872,
          "rerank_score": 0.0
        }
      ],
      "quarantined_chunk_ids": [
        "ea01ae0fe46023eece2dd60bf8438446c7daefc558d85c25621d9779de94fe2a"
      ],
      "grounding_policy": "extractive-v1",
      "query_coverage_min": 0.25,
      "local_rerank_min": 0.2,
      "graph_nodes": [
        "retrieve",
        "finalize"
      ],
      "intent": "question-answering",
      "summary_filename_scoped_documents": [],
      "summary_content_scoped_documents": [],
      "conflict_detector": "same-wording numeric/negation disagreement; not general NLI",
      "source_conflicts": [],
      "latency_ms": 2.803195995511487
    }
  },
  "injected_document_question": {
    "message_id": "f703c178-5625-4354-8681-ba4252001345",
    "request_id": "dc6149f8-9e66-4ced-9fbd-12c4c5b7f293",
    "text": "I do not have sufficient validated evidence in the uploaded documents to answer this question.",
    "citations": [],
    "abstained": true,
    "conflicts": [],
    "profile": "fixture",
    "model": "fixture:extractive-sentence-selector-v1",
    "evidence": {
      "models": {
        "profile": "fixture",
        "real_inference": false,
        "embedding_model": "fixture:sha256-signed-term-vector-v1:128",
        "generation_model": "fixture:extractive-sentence-selector-v1",
        "reranker_model": "fixture:query-term-coverage-v1",
        "dimensions": 128,
        "warning": "Deterministic fixture models; metrics do not measure real-model quality."
      },
      "backend": "sqlite",
      "retrieval_mode": "hybrid-rerank",
      "rrf_k": 60,
      "retrieval_ms": 1.9164550030836836,
      "retrieval": [
        {
          "chunk_id": "ea01ae0fe46023eece2dd60bf8438446c7daefc558d85c25621d9779de94fe2a",
          "page_number": 3,
          "version_id": "a02bb0db-352d-4f49-9c27-ddf90a2192ec",
          "lexical_rank": 1,
          "dense_rank": 1,
          "rrf_score": 0.03278688524590164,
          "rerank_score": 0.3333333333333333
        },
        {
          "chunk_id": "c6924b5756a2005cde3426c14b28fa12fd091fd9e9fc1f578942eeb4b8e84ee3",
          "page_number": 2,
          "version_id": "a02bb0db-352d-4f49-9c27-ddf90a2192ec",
          "lexical_rank": null,
          "dense_rank": 2,
          "rrf_score": 0.016129032258064516,
          "rerank_score": 0.0
        },
        {
          "chunk_id": "e0e4d06ec24f6b4a10b5f31b6f3476e58991f6939be5cb3f22ec748d996cd669",
          "page_number": 1,
          "version_id": "a02bb0db-352d-4f49-9c27-ddf90a2192ec",
          "lexical_rank": null,
          "dense_rank": 3,
          "rrf_score": 0.015873015873015872,
          "rerank_score": 0.0
        }
      ],
      "quarantined_chunk_ids": [
        "ea01ae0fe46023eece2dd60bf8438446c7daefc558d85c25621d9779de94fe2a"
      ],
      "grounding_policy": "extractive-v1",
      "query_coverage_min": 0.25,
      "local_rerank_min": 0.2,
      "graph_nodes": [
        "retrieve",
        "finalize"
      ],
      "intent": "question-answering",
      "summary_filename_scoped_documents": [],
      "summary_content_scoped_documents": [],
      "conflict_detector": "same-wording numeric/negation disagreement; not general NLI",
      "source_conflicts": [],
      "latency_ms": 3.1986699978006072
    }
  },
  "conflict_answer": {
    "message_id": "87929e10-f236-4c20-ac98-218546c6a6df",
    "request_id": "9ae066e2-488d-4798-9ebf-ea46b2781bb7",
    "text": "The retrieved sources conflict; verify which policy is authoritative.\nBackup retention is 7 days. [1]\nBackup retention is 30 days. [2]",
    "citations": [
      {
        "chunk_id": "69e8d36658cc7f66e59fd230c3ef4852513c35c912a23c3dc2a5732ef3315c58",
        "document_id": "ebbef03c-5e1e-4424-94a5-b5373ead867c",
        "version_id": "063a5195-8a7a-49a7-9a75-94b382027a70",
        "page_number": 1,
        "page_label": null,
        "start": 0,
        "end": 27,
        "quote": "Backup retention is 7 days.",
        "claim": "Backup retention is 7 days."
      },
      {
        "chunk_id": "c6924b5756a2005cde3426c14b28fa12fd091fd9e9fc1f578942eeb4b8e84ee3",
        "document_id": "fbf75518-8e2b-48e8-8f5f-a5c0fb34060b",
        "version_id": "a02bb0db-352d-4f49-9c27-ddf90a2192ec",
        "page_number": 2,
        "page_label": null,
        "start": 0,
        "end": 28,
        "quote": "Backup retention is 30 days.",
        "claim": "Backup retention is 30 days."
      }
    ],
    "abstained": false,
    "conflicts": [
      "Backup retention is 7 days. (page 1, version 063a5195-8a7a-49a7-9a75-94b382027a70) | Backup retention is 30 days. (page 2, version a02bb0db-352d-4f49-9c27-ddf90a2192ec)"
    ],
    "profile": "fixture",
    "model": "fixture:extractive-sentence-selector-v1",
    "evidence": {
      "models": {
        "profile": "fixture",
        "real_inference": false,
        "embedding_model": "fixture:sha256-signed-term-vector-v1:128",
        "generation_model": "fixture:extractive-sentence-selector-v1",
        "reranker_model": "fixture:query-term-coverage-v1",
        "dimensions": 128,
        "warning": "Deterministic fixture models; metrics do not measure real-model quality."
      },
      "backend": "sqlite",
      "retrieval_mode": "hybrid-rerank",
      "rrf_k": 60,
      "retrieval_ms": 1.8506769993109629,
      "retrieval": [
        {
          "chunk_id": "69e8d36658cc7f66e59fd230c3ef4852513c35c912a23c3dc2a5732ef3315c58",
          "page_number": 1,
          "version_id": "063a5195-8a7a-49a7-9a75-94b382027a70",
          "lexical_rank": 1,
          "dense_rank": 1,
          "rrf_score": 0.03278688524590164,
          "rerank_score": 1.0
        },
        {
          "chunk_id": "c6924b5756a2005cde3426c14b28fa12fd091fd9e9fc1f578942eeb4b8e84ee3",
          "page_number": 2,
          "version_id": "a02bb0db-352d-4f49-9c27-ddf90a2192ec",
          "lexical_rank": 2,
          "dense_rank": 2,
          "rrf_score": 0.03225806451612903,
          "rerank_score": 1.0
        },
        {
          "chunk_id": "ea01ae0fe46023eece2dd60bf8438446c7daefc558d85c25621d9779de94fe2a",
          "page_number": 3,
          "version_id": "a02bb0db-352d-4f49-9c27-ddf90a2192ec",
          "lexical_rank": null,
          "dense_rank": 3,
          "rrf_score": 0.015873015873015872,
          "rerank_score": 0.0
        },
        {
          "chunk_id": "e0e4d06ec24f6b4a10b5f31b6f3476e58991f6939be5cb3f22ec748d996cd669",
          "page_number": 1,
          "version_id": "a02bb0db-352d-4f49-9c27-ddf90a2192ec",
          "lexical_rank": null,
          "dense_rank": 4,
          "rrf_score": 0.015625,
          "rerank_score": 0.0
        }
      ],
      "quarantined_chunk_ids": [
        "ea01ae0fe46023eece2dd60bf8438446c7daefc558d85c25621d9779de94fe2a"
      ],
      "grounding_policy": "extractive-v1",
      "query_coverage_min": 0.25,
      "local_rerank_min": 0.2,
      "graph_nodes": [
        "retrieve",
        "generate",
        "validate",
        "finalize"
      ],
      "intent": "question-answering",
      "summary_filename_scoped_documents": [],
      "summary_content_scoped_documents": [],
      "conflict_detector": "same-wording numeric/negation disagreement; not general NLI",
      "source_conflicts": [
        "Backup retention is 7 days. (page 1, version 063a5195-8a7a-49a7-9a75-94b382027a70) | Backup retention is 30 days. (page 2, version a02bb0db-352d-4f49-9c27-ddf90a2192ec)"
      ],
      "generation": {
        "real_inference": false,
        "model": "fixture:extractive-sentence-selector-v1",
        "selection_rule": "at most two matching source sentences per retrieved chunk"
      },
      "generation_ms": 0.18740700033959,
      "citation_validation": [
        {
          "exists": true,
          "span": true,
          "support": true,
          "active": true,
          "reason": "Validated complete extractive assertion",
          "policy": "extractive-v1"
        },
        {
          "exists": true,
          "span": true,
          "support": true,
          "active": true,
          "reason": "Validated complete extractive assertion",
          "policy": "extractive-v1"
        }
      ],
      "conflict_source_assertions_added": 0,
      "latency_ms": 7.277022996277083
    }
  },
  "replacement_answer": {
    "message_id": "cc7bd7cb-e972-426d-be17-2ff381ea854d",
    "request_id": "05c4ee52-e639-4858-8dbb-73be921d8509",
    "text": "Backup retention is 14 days. [1]",
    "citations": [
      {
        "chunk_id": "4632424be8147248d14aa5bbfac36c7a0dc325a9824d718ce3b0615175dccc9c",
        "document_id": "fbf75518-8e2b-48e8-8f5f-a5c0fb34060b",
        "version_id": "60bacd96-73b0-4c7e-8ab1-d297e66e3484",
        "page_number": 1,
        "page_label": null,
        "start": 39,
        "end": 67,
        "quote": "Backup retention is 14 days.",
        "claim": "Backup retention is 14 days."
      }
    ],
    "abstained": false,
    "conflicts": [],
    "profile": "fixture",
    "model": "fixture:extractive-sentence-selector-v1",
    "evidence": {
      "models": {
        "profile": "fixture",
        "real_inference": false,
        "embedding_model": "fixture:sha256-signed-term-vector-v1:128",
        "generation_model": "fixture:extractive-sentence-selector-v1",
        "reranker_model": "fixture:query-term-coverage-v1",
        "dimensions": 128,
        "warning": "Deterministic fixture models; metrics do not measure real-model quality."
      },
      "backend": "sqlite",
      "retrieval_mode": "hybrid-rerank",
      "rrf_k": 60,
      "retrieval_ms": 1.9536789986887015,
      "retrieval": [
        {
          "chunk_id": "4632424be8147248d14aa5bbfac36c7a0dc325a9824d718ce3b0615175dccc9c",
          "page_number": 1,
          "version_id": "60bacd96-73b0-4c7e-8ab1-d297e66e3484",
          "lexical_rank": 1,
          "dense_rank": 1,
          "rrf_score": 0.03278688524590164,
          "rerank_score": 1.0
        }
      ],
      "quarantined_chunk_ids": [],
      "grounding_policy": "extractive-v1",
      "query_coverage_min": 0.25,
      "local_rerank_min": 0.2,
      "graph_nodes": [
        "retrieve",
        "generate",
        "validate",
        "finalize"
      ],
      "intent": "question-answering",
      "summary_filename_scoped_documents": [],
      "summary_content_scoped_documents": [],
      "conflict_detector": "same-wording numeric/negation disagreement; not general NLI",
      "source_conflicts": [],
      "generation": {
        "real_inference": false,
        "model": "fixture:extractive-sentence-selector-v1",
        "selection_rule": "at most two matching source sentences per retrieved chunk"
      },
      "generation_ms": 0.1923140007420443,
      "citation_validation": [
        {
          "exists": true,
          "span": true,
          "support": true,
          "active": true,
          "reason": "Validated complete extractive assertion",
          "policy": "extractive-v1"
        }
      ],
      "conflict_source_assertions_added": 0,
      "latency_ms": 5.711097001039889
    }
  },
  "checks": {
    "cross_page_citations": true,
    "unanswerable_abstained": true,
    "injected_source_not_followed": true,
    "duplicate_same_version": true,
    "incorrect_page_rejected": true,
    "conflict_surfaced": true,
    "replacement_new_version": true,
    "old_citation_still_valid": true,
    "old_version_inactive": true,
    "new_answer_uses_replacement": true,
    "cross_tenant_search_empty": true,
    "deleted_citation_unavailable": true,
    "malformed_rejected": true
  },
  "invalid_citation": {
    "exists": true,
    "span": false,
    "support": false,
    "active": true,
    "reason": "Page or span mismatch",
    "policy": "extractive-v1"
  },
  "old_citation_validation": {
    "exists": true,
    "span": true,
    "support": true,
    "active": false,
    "reason": "Validated complete extractive assertion",
    "policy": "extractive-v1"
  },
  "deleted_citation_validation": {
    "exists": false,
    "span": false,
    "support": false,
    "active": false,
    "reason": "Source unavailable",
    "policy": "extractive-v1"
  },
  "storage_bytes_after_full_lifecycle": 712704,
  "acceptance_scope": "fixture contracts only"
}
Evidence: /workspace/scratch/708ae715c693/production-ai-systems/artifacts/final/demos/p01-fixture.json
