{"case": "answerable-01", "n": 1, "total": 144, "passed": true, "latency_ms": 224.08, "error": null}
{"case": "answerable-02", "n": 2, "total": 144, "passed": true, "latency_ms": 11.24, "error": null}
{"case": "answerable-03", "n": 3, "total": 144, "passed": true, "latency_ms": 11.75, "error": null}
{"case": "answerable-04", "n": 4, "total": 144, "passed": true, "latency_ms": 14.33, "error": null}
{"case": "answerable-05", "n": 5, "total": 144, "passed": true, "latency_ms": 14.07, "error": null}
{"case": "answerable-06", "n": 6, "total": 144, "passed": true, "latency_ms": 15.74, "error": null}
{"case": "answerable-07", "n": 7, "total": 144, "passed": true, "latency_ms": 14.89, "error": null}
{"case": "answerable-08", "n": 8, "total": 144, "passed": true, "latency_ms": 13.19, "error": null}
{"case": "answerable-09", "n": 9, "total": 144, "passed": true, "latency_ms": 14.59, "error": null}
{"case": "answerable-10", "n": 10, "total": 144, "passed": true, "latency_ms": 13.49, "error": null}
{"case": "answerable-11", "n": 11, "total": 144, "passed": true, "latency_ms": 13.69, "error": null}
{"case": "answerable-12", "n": 12, "total": 144, "passed": true, "latency_ms": 14.31, "error": null}
{"case": "answerable-13", "n": 13, "total": 144, "passed": true, "latency_ms": 12.92, "error": null}
{"case": "answerable-14", "n": 14, "total": 144, "passed": true, "latency_ms": 12.73, "error": null}
{"case": "answerable-15", "n": 15, "total": 144, "passed": true, "latency_ms": 12.43, "error": null}
{"case": "answerable-16", "n": 16, "total": 144, "passed": true, "latency_ms": 11.27, "error": null}
{"case": "answerable-17", "n": 17, "total": 144, "passed": true, "latency_ms": 10.34, "error": null}
{"case": "answerable-18", "n": 18, "total": 144, "passed": true, "latency_ms": 9.47, "error": null}
{"case": "answerable-19", "n": 19, "total": 144, "passed": true, "latency_ms": 9.34, "error": null}
{"case": "answerable-20", "n": 20, "total": 144, "passed": true, "latency_ms": 9.36, "error": null}
{"case": "answerable-21", "n": 21, "total": 144, "passed": true, "latency_ms": 11.15, "error": null}
{"case": "answerable-22", "n": 22, "total": 144, "passed": true, "latency_ms": 10.61, "error": null}
{"case": "answerable-23", "n": 23, "total": 144, "passed": true, "latency_ms": 10.13, "error": null}
{"case": "answerable-24", "n": 24, "total": 144, "passed": true, "latency_ms": 9.46, "error": null}
{"case": "answerable-25", "n": 25, "total": 144, "passed": true, "latency_ms": 9.83, "error": null}
{"case": "answerable-26", "n": 26, "total": 144, "passed": true, "latency_ms": 9.77, "error": null}
{"case": "answerable-27", "n": 27, "total": 144, "passed": true, "latency_ms": 14.19, "error": null}
{"case": "answerable-28", "n": 28, "total": 144, "passed": true, "latency_ms": 9.86, "error": null}
{"case": "answerable-29", "n": 29, "total": 144, "passed": true, "latency_ms": 9.55, "error": null}
{"case": "answerable-30", "n": 30, "total": 144, "passed": true, "latency_ms": 9.43, "error": null}
{"case": "answerable-31", "n": 31, "total": 144, "passed": true, "latency_ms": 9.13, "error": null}
{"case": "answerable-32", "n": 32, "total": 144, "passed": true, "latency_ms": 10.07, "error": null}
{"case": "cross-page-01", "n": 33, "total": 144, "passed": true, "latency_ms": 10.51, "error": null}
{"case": "cross-page-02", "n": 34, "total": 144, "passed": true, "latency_ms": 9.76, "error": null}
{"case": "cross-page-03", "n": 35, "total": 144, "passed": true, "latency_ms": 11.44, "error": null}
{"case": "cross-page-04", "n": 36, "total": 144, "passed": true, "latency_ms": 10.69, "error": null}
{"case": "cross-page-05", "n": 37, "total": 144, "passed": true, "latency_ms": 13.5, "error": null}
{"case": "cross-page-06", "n": 38, "total": 144, "passed": true, "latency_ms": 18.2, "error": null}
{"case": "cross-page-07", "n": 39, "total": 144, "passed": true, "latency_ms": 21.05, "error": null}
{"case": "cross-page-08", "n": 40, "total": 144, "passed": true, "latency_ms": 17.31, "error": null}
{"case": "cross-page-09", "n": 41, "total": 144, "passed": true, "latency_ms": 13.72, "error": null}
{"case": "cross-page-10", "n": 42, "total": 144, "passed": true, "latency_ms": 12.01, "error": null}
{"case": "cross-page-11", "n": 43, "total": 144, "passed": true, "latency_ms": 20.17, "error": null}
{"case": "cross-page-12", "n": 44, "total": 144, "passed": true, "latency_ms": 12.7, "error": null}
{"case": "cross-page-13", "n": 45, "total": 144, "passed": true, "latency_ms": 14.66, "error": null}
{"case": "cross-page-14", "n": 46, "total": 144, "passed": true, "latency_ms": 15.96, "error": null}
{"case": "cross-page-15", "n": 47, "total": 144, "passed": true, "latency_ms": 15.23, "error": null}
{"case": "cross-page-16", "n": 48, "total": 144, "passed": true, "latency_ms": 14.83, "error": null}
{"case": "unanswerable-01", "n": 49, "total": 144, "passed": true, "latency_ms": 7.92, "error": null}
{"case": "unanswerable-02", "n": 50, "total": 144, "passed": true, "latency_ms": 7.92, "error": null}
{"case": "unanswerable-03", "n": 51, "total": 144, "passed": true, "latency_ms": 8.88, "error": null}
{"case": "unanswerable-04", "n": 52, "total": 144, "passed": true, "latency_ms": 9.78, "error": null}
{"case": "unanswerable-05", "n": 53, "total": 144, "passed": true, "latency_ms": 12.31, "error": null}
{"case": "unanswerable-06", "n": 54, "total": 144, "passed": true, "latency_ms": 13.13, "error": null}
{"case": "unanswerable-07", "n": 55, "total": 144, "passed": true, "latency_ms": 8.57, "error": null}
{"case": "unanswerable-08", "n": 56, "total": 144, "passed": true, "latency_ms": 7.68, "error": null}
{"case": "unanswerable-09", "n": 57, "total": 144, "passed": true, "latency_ms": 8.23, "error": null}
{"case": "unanswerable-10", "n": 58, "total": 144, "passed": true, "latency_ms": 14.04, "error": null}
{"case": "unanswerable-11", "n": 59, "total": 144, "passed": true, "latency_ms": 9.97, "error": null}
{"case": "unanswerable-12", "n": 60, "total": 144, "passed": true, "latency_ms": 13.06, "error": null}
{"case": "unanswerable-13", "n": 61, "total": 144, "passed": true, "latency_ms": 10.69, "error": null}
{"case": "unanswerable-14", "n": 62, "total": 144, "passed": true, "latency_ms": 8.89, "error": null}
{"case": "unanswerable-15", "n": 63, "total": 144, "passed": true, "latency_ms": 9.07, "error": null}
{"case": "unanswerable-16", "n": 64, "total": 144, "passed": true, "latency_ms": 9.78, "error": null}
{"case": "contradictory-01", "n": 65, "total": 144, "passed": true, "latency_ms": 21.62, "error": null}
{"case": "contradictory-02", "n": 66, "total": 144, "passed": true, "latency_ms": 21.38, "error": null}
{"case": "contradictory-03", "n": 67, "total": 144, "passed": true, "latency_ms": 22.16, "error": null}
{"case": "contradictory-04", "n": 68, "total": 144, "passed": true, "latency_ms": 22.43, "error": null}
{"case": "contradictory-05", "n": 69, "total": 144, "passed": true, "latency_ms": 22.49, "error": null}
{"case": "contradictory-06", "n": 70, "total": 144, "passed": true, "latency_ms": 17.6, "error": null}
{"case": "contradictory-07", "n": 71, "total": 144, "passed": true, "latency_ms": 17.73, "error": null}
{"case": "contradictory-08", "n": 72, "total": 144, "passed": true, "latency_ms": 17.16, "error": null}
{"case": "citation-01", "n": 73, "total": 144, "passed": true, "latency_ms": 6.04, "error": null}
{"case": "citation-02", "n": 74, "total": 144, "passed": true, "latency_ms": 5.36, "error": null}
{"case": "citation-03", "n": 75, "total": 144, "passed": true, "latency_ms": 4.8, "error": null}
{"case": "citation-04", "n": 76, "total": 144, "passed": true, "latency_ms": 5.52, "error": null}
{"case": "citation-05", "n": 77, "total": 144, "passed": true, "latency_ms": 5.01, "error": null}
{"case": "citation-06", "n": 78, "total": 144, "passed": true, "latency_ms": 4.92, "error": null}
{"case": "citation-07", "n": 79, "total": 144, "passed": true, "latency_ms": 4.82, "error": null}
{"case": "citation-08", "n": 80, "total": 144, "passed": true, "latency_ms": 4.91, "error": null}
{"case": "citation-09", "n": 81, "total": 144, "passed": true, "latency_ms": 4.8, "error": null}
{"case": "citation-10", "n": 82, "total": 144, "passed": true, "latency_ms": 5.2, "error": null}
{"case": "citation-11", "n": 83, "total": 144, "passed": true, "latency_ms": 4.86, "error": null}
{"case": "citation-12", "n": 84, "total": 144, "passed": true, "latency_ms": 4.65, "error": null}
{"case": "citation-13", "n": 85, "total": 144, "passed": true, "latency_ms": 5.52, "error": null}
{"case": "citation-14", "n": 86, "total": 144, "passed": true, "latency_ms": 5.99, "error": null}
{"case": "citation-15", "n": 87, "total": 144, "passed": true, "latency_ms": 7.95, "error": null}
{"case": "citation-16", "n": 88, "total": 144, "passed": true, "latency_ms": 12.4, "error": null}
{"case": "citation-17", "n": 89, "total": 144, "passed": true, "latency_ms": 6.6, "error": null}
{"case": "citation-18", "n": 90, "total": 144, "passed": true, "latency_ms": 7.38, "error": null}
{"case": "citation-19", "n": 91, "total": 144, "passed": true, "latency_ms": 6.75, "error": null}
{"case": "citation-20", "n": 92, "total": 144, "passed": true, "latency_ms": 13.86, "error": null}
{"case": "adversarial-01", "n": 93, "total": 144, "passed": true, "latency_ms": 22.35, "error": null}
{"case": "adversarial-02", "n": 94, "total": 144, "passed": true, "latency_ms": 22.49, "error": null}
{"case": "adversarial-03", "n": 95, "total": 144, "passed": true, "latency_ms": 25.81, "error": null}
{"case": "adversarial-04", "n": 96, "total": 144, "passed": true, "latency_ms": 23.2, "error": null}
{"case": "adversarial-05", "n": 97, "total": 144, "passed": true, "latency_ms": 20.03, "error": null}
{"case": "adversarial-06", "n": 98, "total": 144, "passed": true, "latency_ms": 20.94, "error": null}
{"case": "adversarial-07", "n": 99, "total": 144, "passed": true, "latency_ms": 21.75, "error": null}
{"case": "adversarial-08", "n": 100, "total": 144, "passed": true, "latency_ms": 20.32, "error": null}
{"case": "adversarial-09", "n": 101, "total": 144, "passed": true, "latency_ms": 20.54, "error": null}
{"case": "adversarial-10", "n": 102, "total": 144, "passed": true, "latency_ms": 23.3, "error": null}
{"case": "adversarial-11", "n": 103, "total": 144, "passed": true, "latency_ms": 28.22, "error": null}
{"case": "adversarial-12", "n": 104, "total": 144, "passed": true, "latency_ms": 23.54, "error": null}
{"case": "adversarial-13", "n": 105, "total": 144, "passed": true, "latency_ms": 29.17, "error": null}
{"case": "adversarial-14", "n": 106, "total": 144, "passed": true, "latency_ms": 27.87, "error": null}
{"case": "adversarial-15", "n": 107, "total": 144, "passed": true, "latency_ms": 21.44, "error": null}
{"case": "adversarial-16", "n": 108, "total": 144, "passed": true, "latency_ms": 23.26, "error": null}
{"case": "authorization-01", "n": 109, "total": 144, "passed": true, "latency_ms": 10.76, "error": null}
{"case": "authorization-02", "n": 110, "total": 144, "passed": true, "latency_ms": 7.67, "error": null}
{"case": "authorization-03", "n": 111, "total": 144, "passed": true, "latency_ms": 7.66, "error": null}
{"case": "authorization-04", "n": 112, "total": 144, "passed": true, "latency_ms": 8.29, "error": null}
{"case": "authorization-05", "n": 113, "total": 144, "passed": true, "latency_ms": 7.53, "error": null}
{"case": "authorization-06", "n": 114, "total": 144, "passed": true, "latency_ms": 5.8, "error": null}
{"case": "authorization-07", "n": 115, "total": 144, "passed": true, "latency_ms": 5.8, "error": null}
{"case": "authorization-08", "n": 116, "total": 144, "passed": true, "latency_ms": 6.91, "error": null}
{"case": "authorization-09", "n": 117, "total": 144, "passed": true, "latency_ms": 5.74, "error": null}
{"case": "authorization-10", "n": 118, "total": 144, "passed": true, "latency_ms": 6.08, "error": null}
{"case": "authorization-11", "n": 119, "total": 144, "passed": true, "latency_ms": 6.01, "error": null}
{"case": "authorization-12", "n": 120, "total": 144, "passed": true, "latency_ms": 12.81, "error": null}
{"case": "malformed-input-01", "n": 121, "total": 144, "passed": true, "latency_ms": 7.18, "error": null}
{"case": "malformed-input-02", "n": 122, "total": 144, "passed": true, "latency_ms": 6.12, "error": null}
{"case": "malformed-input-03", "n": 123, "total": 144, "passed": true, "latency_ms": 6.5, "error": null}
{"case": "malformed-input-04", "n": 124, "total": 144, "passed": true, "latency_ms": 5.38, "error": null}
{"case": "malformed-input-05", "n": 125, "total": 144, "passed": true, "latency_ms": 7.1, "error": null}
{"case": "malformed-input-06", "n": 126, "total": 144, "passed": true, "latency_ms": 6.81, "error": null}
{"case": "malformed-input-07", "n": 127, "total": 144, "passed": true, "latency_ms": 5.92, "error": null}
{"case": "malformed-input-08", "n": 128, "total": 144, "passed": true, "latency_ms": 5.09, "error": null}
{"case": "malformed-input-09", "n": 129, "total": 144, "passed": true, "latency_ms": 8.82, "error": null}
{"case": "malformed-input-10", "n": 130, "total": 144, "passed": true, "latency_ms": 8.71, "error": null}
{"case": "malformed-input-11", "n": 131, "total": 144, "passed": true, "latency_ms": 6.65, "error": null}
{"case": "malformed-input-12", "n": 132, "total": 144, "passed": true, "latency_ms": 5.15, "error": null}
{"case": "failure-recovery-01", "n": 133, "total": 144, "passed": true, "latency_ms": 8.76, "error": null}
{"case": "failure-recovery-02", "n": 134, "total": 144, "passed": true, "latency_ms": 15.65, "error": null}
{"case": "failure-recovery-03", "n": 135, "total": 144, "passed": true, "latency_ms": 18.94, "error": null}
{"case": "failure-recovery-04", "n": 136, "total": 144, "passed": true, "latency_ms": 13.45, "error": null}
{"case": "failure-recovery-05", "n": 137, "total": 144, "passed": true, "latency_ms": 12.1, "error": null}
{"case": "failure-recovery-06", "n": 138, "total": 144, "passed": true, "latency_ms": 10.05, "error": null}
{"case": "failure-recovery-07", "n": 139, "total": 144, "passed": true, "latency_ms": 10.17, "error": null}
{"case": "failure-recovery-08", "n": 140, "total": 144, "passed": true, "latency_ms": 23.68, "error": null}
{"case": "failure-recovery-09", "n": 141, "total": 144, "passed": true, "latency_ms": 10.15, "error": null}
{"case": "failure-recovery-10", "n": 142, "total": 144, "passed": true, "latency_ms": 10.22, "error": null}
{"case": "failure-recovery-11", "n": 143, "total": 144, "passed": true, "latency_ms": 17.99, "error": null}
{"case": "failure-recovery-12", "n": 144, "total": 144, "passed": true, "latency_ms": 19.93, "error": null}
{
  "total": 144,
  "passed": 144,
  "failed": 0,
  "errors": 0,
  "skipped": 0,
  "gate_passed": true,
  "deployment_eligible": false,
  "deployment_eligibility_scope": "Local synthetic regression and source provenance only; P11 cluster acceptance remains separate",
  "p50_latency_ms": 10.608324002532754,
  "p95_latency_ms": 23.298808002437,
  "p99_latency_ms": 29.174620998674072,
  "per_category": {
    "adversarial": {
      "total": 16,
      "passed": 16,
      "errors": 0,
      "pass_rate": 1.0,
      "latency_ms": {
        "p50": 22.49132400174858,
        "p95": 29.174620998674072,
        "p99": 29.174620998674072
      },
      "metrics": {
        "deepeval_source_support": {
          "mean": 1.0,
          "cases": 16
        },
        "ragas_reference_exact_match": {
          "mean": 1.0,
          "cases": 16
        },
        "ragas_reference_similarity": {
          "mean": 1.0,
          "cases": 16
        }
      },
      "retrieval": {
        "expected_pdf_page_recall_mean": null,
        "cases": 0,
        "scope": "Physical page coverage in retrieved candidates; no broad semantic recall claim"
      },
      "usage": {
        "actual_inference_responses": 0,
        "reported_input_tokens": null,
        "reported_output_tokens": null,
        "api_charges_usd": null
      }
    },
    "answerable": {
      "total": 32,
      "passed": 32,
      "errors": 0,
      "pass_rate": 1.0,
      "latency_ms": {
        "p50": 11.242281994782388,
        "p95": 15.743506999569945,
        "p99": 224.07883699634112
      },
      "metrics": {
        "deepeval_source_support": {
          "mean": 1.0,
          "cases": 32
        },
        "ragas_reference_exact_match": {
          "mean": 1.0,
          "cases": 32
        },
        "ragas_reference_similarity": {
          "mean": 1.0,
          "cases": 32
        }
      },
      "retrieval": {
        "expected_pdf_page_recall_mean": 1.0,
        "cases": 32,
        "scope": "Physical page coverage in retrieved candidates; no broad semantic recall claim"
      },
      "usage": {
        "actual_inference_responses": 0,
        "reported_input_tokens": null,
        "reported_output_tokens": null,
        "api_charges_usd": null
      }
    },
    "authorization": {
      "total": 12,
      "passed": 12,
      "errors": 0,
      "pass_rate": 1.0,
      "latency_ms": {
        "p50": 6.9132769931457005,
        "p95": 12.805354002921376,
        "p99": 12.805354002921376
      },
      "metrics": {
        "deepeval_source_support": {
          "mean": 1.0,
          "cases": 12
        },
        "ragas_reference_exact_match": {
          "mean": 1.0,
          "cases": 12
        },
        "ragas_reference_similarity": {
          "mean": 1.0,
          "cases": 12
        }
      },
      "retrieval": {
        "expected_pdf_page_recall_mean": null,
        "cases": 0,
        "scope": "Physical page coverage in retrieved candidates; no broad semantic recall claim"
      },
      "usage": {
        "actual_inference_responses": 0,
        "reported_input_tokens": null,
        "reported_output_tokens": null,
        "api_charges_usd": null
      }
    },
    "citation": {
      "total": 20,
      "passed": 20,
      "errors": 0,
      "pass_rate": 1.0,
      "latency_ms": {
        "p50": 5.358107002393808,
        "p95": 12.402284002746455,
        "p99": 13.85928300442174
      },
      "metrics": {
        "deepeval_source_support": {
          "mean": 1.0,
          "cases": 20
        },
        "ragas_reference_exact_match": {
          "mean": 1.0,
          "cases": 20
        },
        "ragas_reference_similarity": {
          "mean": 1.0,
          "cases": 20
        }
      },
      "retrieval": {
        "expected_pdf_page_recall_mean": null,
        "cases": 0,
        "scope": "Physical page coverage in retrieved candidates; no broad semantic recall claim"
      },
      "usage": {
        "actual_inference_responses": 0,
        "reported_input_tokens": null,
        "reported_output_tokens": null,
        "api_charges_usd": null
      }
    },
    "contradictory": {
      "total": 8,
      "passed": 8,
      "errors": 0,
      "pass_rate": 1.0,
      "latency_ms": {
        "p50": 21.376304001023527,
        "p95": 22.48884099390125,
        "p99": 22.48884099390125
      },
      "metrics": {
        "deepeval_source_support": {
          "mean": 1.0,
          "cases": 8
        },
        "ragas_reference_exact_match": {
          "mean": 1.0,
          "cases": 8
        },
        "ragas_reference_similarity": {
          "mean": 1.0,
          "cases": 8
        }
      },
      "retrieval": {
        "expected_pdf_page_recall_mean": null,
        "cases": 0,
        "scope": "Physical page coverage in retrieved candidates; no broad semantic recall claim"
      },
      "usage": {
        "actual_inference_responses": 0,
        "reported_input_tokens": null,
        "reported_output_tokens": null,
        "api_charges_usd": null
      }
    },
    "cross-page": {
      "total": 16,
      "passed": 16,
      "errors": 0,
      "pass_rate": 1.0,
      "latency_ms": {
        "p50": 13.717734000238124,
        "p95": 21.045966001111083,
        "p99": 21.045966001111083
      },
      "metrics": {
        "deepeval_source_support": {
          "mean": 1.0,
          "cases": 16
        },
        "ragas_reference_exact_match": {
          "mean": 1.0,
          "cases": 16
        },
        "ragas_reference_similarity": {
          "mean": 1.0,
          "cases": 16
        }
      },
      "retrieval": {
        "expected_pdf_page_recall_mean": 1.0,
        "cases": 16,
        "scope": "Physical page coverage in retrieved candidates; no broad semantic recall claim"
      },
      "usage": {
        "actual_inference_responses": 0,
        "reported_input_tokens": null,
        "reported_output_tokens": null,
        "api_charges_usd": null
      }
    },
    "failure-recovery": {
      "total": 12,
      "passed": 12,
      "errors": 0,
      "pass_rate": 1.0,
      "latency_ms": {
        "p50": 12.097608007024974,
        "p95": 23.684529005549848,
        "p99": 23.684529005549848
      },
      "metrics": {
        "deepeval_source_support": {
          "mean": 1.0,
          "cases": 12
        },
        "ragas_reference_exact_match": {
          "mean": 1.0,
          "cases": 12
        },
        "ragas_reference_similarity": {
          "mean": 1.0,
          "cases": 12
        }
      },
      "retrieval": {
        "expected_pdf_page_recall_mean": null,
        "cases": 0,
        "scope": "Physical page coverage in retrieved candidates; no broad semantic recall claim"
      },
      "usage": {
        "actual_inference_responses": 0,
        "reported_input_tokens": null,
        "reported_output_tokens": null,
        "api_charges_usd": null
      }
    },
    "malformed-input": {
      "total": 12,
      "passed": 12,
      "errors": 0,
      "pass_rate": 1.0,
      "latency_ms": {
        "p50": 6.504152006527875,
        "p95": 8.823022995784413,
        "p99": 8.823022995784413
      },
      "metrics": {
        "deepeval_source_support": {
          "mean": 1.0,
          "cases": 12
        },
        "ragas_reference_exact_match": {
          "mean": 1.0,
          "cases": 12
        },
        "ragas_reference_similarity": {
          "mean": 1.0,
          "cases": 12
        }
      },
      "retrieval": {
        "expected_pdf_page_recall_mean": null,
        "cases": 0,
        "scope": "Physical page coverage in retrieved candidates; no broad semantic recall claim"
      },
      "usage": {
        "actual_inference_responses": 0,
        "reported_input_tokens": null,
        "reported_output_tokens": null,
        "api_charges_usd": null
      }
    },
    "unanswerable": {
      "total": 16,
      "passed": 16,
      "errors": 0,
      "pass_rate": 1.0,
      "latency_ms": {
        "p50": 9.073602996068075,
        "p95": 14.04128300055163,
        "p99": 14.04128300055163
      },
      "metrics": {
        "deepeval_source_support": {
          "mean": 1.0,
          "cases": 16
        },
        "ragas_reference_exact_match": {
          "mean": 1.0,
          "cases": 16
        },
        "ragas_reference_similarity": {
          "mean": 1.0,
          "cases": 16
        }
      },
      "retrieval": {
        "expected_pdf_page_recall_mean": null,
        "cases": 0,
        "scope": "Physical page coverage in retrieved candidates; no broad semantic recall claim"
      },
      "usage": {
        "actual_inference_responses": 0,
        "reported_input_tokens": null,
        "reported_output_tokens": null,
        "api_charges_usd": null
      }
    }
  },
  "model_quality_claim": "none",
  "cost": {
    "api_charges": null,
    "billing_mode": "fixture; no provider costs measured"
  }
}
